
> project-entry-tool@0.0.0 start
> ng serve

- Generating browser application bundles (phase: setup)...
✔ Browser application bundle generation complete.

Initial Chunk Files   | Names         |  Raw Size
vendor.js             | vendor        |   3.28 MB |
main.js               | main          | 676.86 kB |
styles.css, styles.js | styles        | 250.07 kB |
polyfills.js          | polyfills     | 234.36 kB |
runtime.js            | runtime       |   6.51 kB |

| Initial Total |   4.42 MB

Build at: 2026-02-21T15:25:58.507Z - Hash: d38f614be0e10e87 - Time: 25024ms

** Angular Live Development Server is listening on localhost:4200, open your browser on http://localhost:4200/ **


✔ Compiled successfully.
✔ Browser application bundle generation complete.

Initial Chunk Files | Names   |  Raw Size
main.js             | main    | 676.86 kB |
runtime.js          | runtime |   6.51 kB |

3 unchanged chunks

Build at: 2026-02-21T15:27:38.866Z - Hash: 10b8678337f60550 - Time: 3476ms

✔ Compiled successfully.
✔ Browser application bundle generation complete.

5 unchanged chunks

Build at: 2026-02-21T15:27:41.503Z - Hash: 10b8678337f60550 - Time: 2598ms

✔ Compiled successfully.
